ADD x0, x0
ADD x0, x0
ADD x0, x0
ADD x0, x0
ADD x0, x0
ADD x0, x0
ADD x0, x0
ADD x0, x0
ADD x0, x0
ADD x0, x0
ADD x0, x0
ADD x0, x0
ADD x0, x0
ADD x0, x0
ADD x0, x0
ADD x0, x0
LI x1, 0x0a
LI x2, 0x03
ADDI x3, 0x05
ADDI x4, 0x7e
SLTI x5, 0x04
SLTUI x6, 0x3f
ORI x1, 0x0f
ANDI x2, 0x06
XORI x3, 0x05
LI x4, 0x01
SLLI x4, 0x4
LI x5, 0x20
SRLI x5, 0x2
LI x6, 0x78
SRAI x6, 0x1
ADD x0, x0
ADD x0, x0