J 32
ADD x0, x0
ADD x0, x0
ADD x0, x0
ADD x0, x0
ADD x0, x0
ADD x0, x0
ADD x0, x0
ADD x0, x0
ADD x0, x0
ADD x0, x0
ADD x0, x0
ADD x0, x0
ADD x0, x0
ADD x0, x0
ADD x0, x0
LUI x1, 0x024
ORI x1, 0x34
XOR x2, x2
XORI x3, 0x7f
LI x4, 0x05
XORI x4, 0x7f
ADDI x4, 0x01
LI x5, 0x0a
ADDI x5, 0x01
LI x6, 0x0a
ADDI x6, 0x7f
ECALL 10    # ProgramExit
ADD x0, x0
ADD x0, x0
ADD x0, x0
ADD x0, x0
ADD x0, x0