J 32
ADD x0, x0
ADD x0, x0
ADD x0, x0
ADD x0, x0
ADD x0, x0
ADD x0, x0
ADD x0, x0
ADD x0, x0
ADD x0, x0
ADD x0, x0
ADD x0, x0
ADD x0, x0
ADD x0, x0
ADD x0, x0
ADD x0, x0
LI x4, 0x00
J 8
LI x4, 0x3c
LI x4, 0x3c
LI x4, 0x3c
LI x2, 0x19
ADD x2, x2
J 6
LI x3, 0x37
J 6
LI x4, 0x2c
JR  x2
LI x7, 0x3c
ECALL 10    # ProgramExit
ADD x0, x0
ADD x0, x0
ADD x0, x0