ADD x0, x0
ADD x0, x0
ADD x0, x0
ADD x0, x0
ADD x0, x0
ADD x0, x0
ADD x0, x0
ADD x0, x0
ADD x0, x0
ADD x0, x0
ADD x0, x0
ADD x0, x0
ADD x0, x0
ADD x0, x0
ADD x0, x0
ADD x0, x0
ADD x0, x0
ADD x0, x0
ADD x0, x0
ADD x0, x0
ADD x0, x0
ADD x0, x0
ADD x0, x0
ADD x0, x0
ADD x0, x0
ADD x0, x0
ADD x0, x0
ADD x0, x0
ADD x0, x0
ADD x0, x0
ADD x0, x0
ADD x0, x0
ADD x0, x0
ADD x0, x0
ADD x0, x0
ADD x0, x0
ADD x0, x0
ADD x0, x0
ADD x0, x0
ADD x0, x0
ADD x0, x0
ADD x0, x0
ADD x0, x0
ADD x0, x0
ADD x0, x0
ADD x0, x0
ADD x0, x0
ADD x0, x0
ADD x0, x0
ADD x0, x0
ADD x0, x0
ADD x0, x0
ADD x0, x0
ADD x0, x0
ADD x0, x0
ADD x0, x0
ADD x0, x0
ADD x0, x0
ADD x0, x0
ADD x0, x0
ADD x0, x0
ADD x0, x0
ADD x0, x0
ADD x0, x0
ADD x0, x0