ADD x0, x0
ADD x0, x0
ADD x0, x0
ADD x0, x0
ADD x0, x0
ADD x0, x0
ADD x0, x0
ADD x0, x0
ADD x0, x0
ADD x0, x0
ADD x0, x0
ADD x0, x0
ADD x0, x0
ADD x0, x0
ADD x0, x0
ADD x0, x0
LUI x2, 0x1e0
ADDI x2, 0x7e
LUI x3, 0x024
ADDI x3, 0x34
SW x3, -2(x2)
LW x4, -2(x2)
LI x5, 0x74
SB x5, -3(x2)
LB x6, -3(x2)
LUI x7, 0x000
ADDI x7, 0x3f
SB x7, -4(x2)
LBU x1, -4(x2)
ADD x0, x0
ADD x0, x0
ADD x0, x0
ADD x0, x0